fixture_parts_settle
base_6_move_above
base_6_preshape
base_6_descend
base_6_close_and_attach
base_6_grip_settle
base_6_peel_lift
base_6_grip_contact_prime
base_6_peel_physical_hold_check
base_6_lift
base_6_post_lift_restore_gravity
base_6_assembly_clearance
base_6_transport_hover
base_6_place
base_6_physical_hold_check
base_6_restore_gravity
base_6_clear_support_filters
base_6_set_down
assemble_00_part_3_transit_clearance
assemble_00_part_3_move_above
assemble_00_part_3_preshape
assemble_00_part_3_descend
assemble_00_part_3_close_and_attach
assemble_00_part_3_grip_settle
assemble_00_part_3_peel_lift
assemble_00_part_3_grip_contact_prime
assemble_00_part_3_peel_physical_hold_check
assemble_00_part_3_lift
assemble_00_part_3_post_lift_restore_gravity
assemble_00_part_3_pickup_clearance
assemble_00_part_3_assembly_clearance
assemble_00_part_3_transport_hover
assemble_00_part_3_insert_00
assemble_00_part_3_insert_01
assemble_00_part_3_insert_02
assemble_00_part_3_insert_03
assemble_00_part_3_insert_04
assemble_00_part_3_insert_05
assemble_00_part_3_insert_06
assemble_00_part_3_insert_07
assemble_00_part_3_insert_08
assemble_00_part_3_insert_09
assemble_00_part_3_physical_hold_check
assemble_00_part_3_restore_gravity
assemble_00_part_3_clear_support_filters
hold_6_to_3_switch_release
hold_3_approach_clearance
hold_3_move_above
hold_3_preshape
hold_3_descend
hold_3_close_and_attach
assemble_00_part_3_release
assemble_00_part_3_retreat
assemble_00_part_3_park
assemble_01_part_2_transit_clearance
assemble_01_part_2_move_above
assemble_01_part_2_preshape
assemble_01_part_2_descend
assemble_01_part_2_close_and_attach
assemble_01_part_2_grip_settle
assemble_01_part_2_peel_lift
assemble_01_part_2_grip_contact_prime
assemble_01_part_2_peel_physical_hold_check
assemble_01_part_2_lift
assemble_01_part_2_post_lift_restore_gravity
assemble_01_part_2_pickup_clearance
assemble_01_part_2_assembly_clearance
assemble_01_part_2_transport_hover
assemble_01_part_2_insert_00
assemble_01_part_2_insert_01
assemble_01_part_2_insert_02
assemble_01_part_2_insert_03
assemble_01_part_2_insert_04
assemble_01_part_2_insert_05
assemble_01_part_2_insert_06
assemble_01_part_2_insert_07
assemble_01_part_2_insert_08
assemble_01_part_2_insert_09
assemble_01_part_2_physical_hold_check
assemble_01_part_2_restore_gravity
assemble_01_part_2_clear_support_filters
assemble_01_part_2_release
assemble_01_part_2_retreat
assemble_01_part_2_park
assemble_02_part_1_transit_clearance
assemble_02_part_1_move_above
assemble_02_part_1_preshape
assemble_02_part_1_descend
assemble_02_part_1_close_and_attach
assemble_02_part_1_grip_settle
assemble_02_part_1_peel_lift
assemble_02_part_1_grip_contact_prime
assemble_02_part_1_peel_physical_hold_check
assemble_02_part_1_lift
assemble_02_part_1_post_lift_restore_gravity
assemble_02_part_1_pickup_clearance
assemble_02_part_1_assembly_clearance
assemble_02_part_1_transport_hover
assemble_02_part_1_insert_00
assemble_02_part_1_insert_01
assemble_02_part_1_insert_02
assemble_02_part_1_insert_03
assemble_02_part_1_insert_04
assemble_02_part_1_insert_05
assemble_02_part_1_insert_06
assemble_02_part_1_insert_07
assemble_02_part_1_insert_08
assemble_02_part_1_insert_09
assemble_02_part_1_physical_hold_check
assemble_02_part_1_restore_gravity
assemble_02_part_1_clear_support_filters
assemble_02_part_1_release
assemble_02_part_1_retreat
assemble_02_part_1_park
handover_left_2_move_above
handover_left_2_preshape
handover_left_2_descend
handover_left_2_close_and_attach
hold_3_to_2_switch_release
hold_2_approach_clearance
hold_2_move_above
hold_2_preshape
hold_2_descend
hold_2_close_and_attach
handover_left_2_release
handover_left_2_retreat
handover_left_2_park
assemble_03_part_0_transit_clearance
assemble_03_part_0_move_above
assemble_03_part_0_preshape
assemble_03_part_0_descend
assemble_03_part_0_close_and_attach
assemble_03_part_0_grip_settle
assemble_03_part_0_peel_lift
assemble_03_part_0_grip_contact_prime
assemble_03_part_0_peel_physical_hold_check
assemble_03_part_0_lift
assemble_03_part_0_post_lift_restore_gravity
assemble_03_part_0_pickup_clearance
assemble_03_part_0_assembly_clearance
assemble_03_part_0_transport_hover
assemble_03_part_0_insert_00
assemble_03_part_0_insert_01
assemble_03_part_0_insert_02
assemble_03_part_0_insert_03
assemble_03_part_0_insert_04
assemble_03_part_0_insert_05
assemble_03_part_0_insert_06
assemble_03_part_0_insert_07
assemble_03_part_0_insert_08
assemble_03_part_0_insert_09
assemble_03_part_0_physical_hold_check
assemble_03_part_0_restore_gravity
assemble_03_part_0_clear_support_filters
assemble_03_part_0_release
assemble_03_part_0_retreat
assemble_03_part_0_park
hold_2_final_release
hold_2_final_retreat
hold_2_final_park
beam_final_unloaded_verification
CONFIGURATION_PASS 161
PRESEAT_AND_PHYSICAL_SURFACE_PASS
CONTACT_ADMITTANCE_CONFIGURATION_PASS
POSE_MOTION_GATE_PASS
BEAM_VELOCITY_SOLVER_4_PASS
BEAM_PAD_FRICTION_CONFIGURATION_PASS
MEASURED_CONTACT_RELIEF_CONFIGURATION_PASS
EXPLICIT_BEAM_ARM_GAINS_AND_DEFAULT_IDLE_PASS
